{

"builders": [{
  "type": "amazon-ebs",
  "region": "us-west-2",
  "source_ami_filter": {
    "filters": {
      "virtualization-type": "hvm",
      "name": "cncfbase*",
      "root-device-type": "ebs"
    },
  "owners": ["750548967590"],
  "most_recent": true
  },
  "instance_type": "c4.2xlarge",
  "ssh_username": "centos",
  "ssh_pty" : false,
  "ami_name": "cncf{{timestamp}}",
  "user_data_file": "disable_tty.sh"
}],

"provisioners": [{
      "type": "ansible",
      "playbook_file": "playbook.yml",
      "user": "centos",
      "sftp_command": "/usr/libexec/openssh/sftp-server",
      "extra_arguments": [ "--extra-vars", "packer=yes" ]
  }]

}
